
> gullyguide@0.1.0 build
> next build

  Γû▓ Next.js 14.2.14

   Creating an optimized production build ...
node.exe : Failed to 
compile.
At line:1 char:1
+ & "C:\Program 
Files\nodejs/node.exe" "C:
\Users\devv\AppData\Roamin
g\n ...
+ ~~~~~~~~~~~~~~~~~~~~~~~~
~~~~~~~~~~~~~~~~~~~~~~~~~~
~~~~~~~~~~~~~~~~~~~
    + CategoryInfo        
      : NotSpecified: (F  
  ailed to compile.:Str   
 ing) [], RemoteExcept    
ion
    + FullyQualifiedError 
   Id : NativeCommandErr  
  or
 

app\layout.js
An error occurred in 
`next/font`.

Error: Cannot find module 
'autoprefixer'
Require stack:
- C:\Users\devv\OneDrive\D
esktop\gullyguide\node_mod
ules\next\dist\build\webpa
ck\config\blocks\css\plugi
ns.js
- C:\Users\devv\OneDrive\D
esktop\gullyguide\node_mod
ules\next\dist\build\webpa
ck\config\blocks\css\index
.js
- C:\Users\devv\OneDrive\D
esktop\gullyguide\node_mod
ules\next\dist\build\webpa
ck\config\index.js
- C:\Users\devv\OneDrive\D
esktop\gullyguide\node_mod
ules\next\dist\build\webpa
ck-config.js
- C:\Users\devv\OneDrive\D
esktop\gullyguide\node_mod
ules\next\dist\build\webpa
ck-build\impl.js
- C:\Users\devv\OneDrive\D
esktop\gullyguide\node_mod
ules\next\dist\compiled\je
st-worker\processChild.js
    at Module.<anonymous> 
(node:internal/modules/cjs
/loader:1456:15)
    at C:\Users\devv\OneDr
ive\Desktop\gullyguide\nod
e_modules\next\dist\server
\require-hook.js:55:36
    at require.resolve (no
de:internal/modules/helper
s:163:19)
    at loadPlugin (C:\User
s\devv\OneDrive\Desktop\gu
llyguide\node_modules\next
\dist\build\webpack\config
\blocks\css\plugins.js:49:
32)
    at C:\Users\devv\OneDr
ive\Desktop\gullyguide\nod
e_modules\next\dist\build\
webpack\config\blocks\css\
plugins.js:157:56
    at Array.map 
(<anonymous>)
    at getPostCssPlugins (
C:\Users\devv\OneDrive\Des
ktop\gullyguide\node_modul
es\next\dist\build\webpack
\config\blocks\css\plugins
.js:157:47)
    at async C:\Users\devv
\OneDrive\Desktop\gullygui
de\node_modules\next\dist\
build\webpack\config\block
s\css\index.js:124:36
    at async C:\Users\devv
\OneDrive\Desktop\gullygui
de\node_modules\next\dist\
build\webpack\loaders\next
-font-loader\index.js:86:3
3
    at async 
Span.traceAsyncFn (C:\User
s\devv\OneDrive\Desktop\gu
llyguide\node_modules\next
\dist\trace\trace.js:154:2
0)


> Build failed because of 
webpack errors
